---
source: tests/output_test.rs
expression: "serde_json::to_string_pretty(&output).unwrap()"
---
{
  "files": [
    {
      "name": "src/help.rs",
      "metrics": {
        "wcc": 100.0,
        "crap": 4.67,
        "skunk": 6.84,
        "is_complex": false,
        "coverage": 43.0,
        "complexity": 3.0
      },
      "functions": [
        {
          "name": "help (4, 6)",
          "metrics": {
            "wcc": 100.0,
            "crap": 1.0,
            "skunk": 0.0,
            "is_complex": false,
            "coverage": 100.0,
            "complexity": 1.0
          }
        }
      ]
    },
    {
      "name": "examples/single_app.rs",
      "metrics": {
        "wcc": 100.0,
        "crap": 4.04,
        "skunk": 2.24,
        "is_complex": false,
        "coverage": 86.0,
        "complexity": 4.0
      },
      "functions": [
        {
          "name": "action (23, 29)",
          "metrics": {
            "wcc": 100.0,
            "crap": 2.0,
            "skunk": 0.0,
            "is_complex": false,
            "coverage": 100.0,
            "complexity": 2.0
          }
        },
        {
          "name": "main (4, 21)",
          "metrics": {
            "wcc": 100.0,
            "crap": 1.0,
            "skunk": 0.0,
            "is_complex": false,
            "coverage": 100.0,
            "complexity": 1.0
          }
        }
      ]
    },
    {
      "name": "src/error.rs",
      "metrics": {
        "wcc": 88.89,
        "crap": 55.34,
        "skunk": 34.68,
        "is_complex": true,
        "coverage": 49.0,
        "complexity": 17.0
      },
      "functions": [
        {
          "name": "description (26, 34)",
          "metrics": {
            "wcc": 88.89,
            "crap": 6.05,
            "skunk": 2.64,
            "is_complex": false,
            "coverage": 89.0,
            "complexity": 6.0
          }
        },
        {
          "name": "fmt (14, 22)",
          "metrics": {
            "wcc": 88.89,
            "crap": 6.05,
            "skunk": 2.64,
            "is_complex": false,
            "coverage": 89.0,
            "complexity": 6.0
          }
        }
      ]
    },
    {
      "name": "src/app.rs",
      "metrics": {
        "wcc": 86.33,
        "crap": 566.56,
        "skunk": 144.0,
        "is_complex": true,
        "coverage": 64.0,
        "complexity": 100.0
      },
      "functions": [
        {
          "name": "single_app_equal_notation_test (580, 622)",
          "metrics": {
            "wcc": 90.7,
            "crap": 8.05,
            "skunk": 2.88,
            "is_complex": false,
            "coverage": 91.0,
            "complexity": 8.0
          }
        },
        {
          "name": "<anonymous> (581, 595)",
          "metrics": {
            "wcc": 80.0,
            "crap": 7.39,
            "skunk": 5.6,
            "is_complex": false,
            "coverage": 80.0,
            "complexity": 7.0
          }
        },
        {
          "name": "flag_only_app_test (533, 577)",
          "metrics": {
            "wcc": 91.11,
            "crap": 8.05,
            "skunk": 2.88,
            "is_complex": false,
            "coverage": 91.0,
            "complexity": 8.0
          }
        },
        {
          "name": "<anonymous> (534, 548)",
          "metrics": {
            "wcc": 80.0,
            "crap": 7.39,
            "skunk": 5.6,
            "is_complex": false,
            "coverage": 80.0,
            "complexity": 7.0
          }
        },
        {
          "name": "single_app_test (485, 530)",
          "metrics": {
            "wcc": 91.3,
            "crap": 8.05,
            "skunk": 2.88,
            "is_complex": false,
            "coverage": 91.0,
            "complexity": 8.0
          }
        },
        {
          "name": "<anonymous> (486, 500)",
          "metrics": {
            "wcc": 80.0,
            "crap": 7.39,
            "skunk": 5.6,
            "is_complex": false,
            "coverage": 80.0,
            "complexity": 7.0
          }
        },
        {
          "name": "multiple_app_test (418, 482)",
          "metrics": {
            "wcc": 95.38,
            "crap": 8.01,
            "skunk": 1.6,
            "is_complex": false,
            "coverage": 95.0,
            "complexity": 8.0
          }
        },
        {
          "name": "<anonymous> (419, 433)",
          "metrics": {
            "wcc": 80.0,
            "crap": 7.39,
            "skunk": 5.6,
            "is_complex": false,
            "coverage": 80.0,
            "complexity": 7.0
          }
        },
        {
          "name": "app_new_only_test (406, 415)",
          "metrics": {
            "wcc": 100.0,
            "crap": 1.0,
            "skunk": 0.0,
            "is_complex": false,
            "coverage": 100.0,
            "complexity": 1.0
          }
        },
        {
          "name": "help_text (373, 398)",
          "metrics": {
            "wcc": 76.92,
            "crap": 5.3,
            "skunk": 4.6,
            "is_complex": false,
            "coverage": 77.0,
            "complexity": 5.0
          }
        },
        {
          "name": "command_help_text (329, 369)",
          "metrics": {
            "wcc": 73.17,
            "crap": 9.26,
            "skunk": 8.64,
            "is_complex": false,
            "coverage": 73.0,
            "complexity": 8.0
          }
        },
        {
          "name": "<anonymous> (337, 343)",
          "metrics": {
            "wcc": 71.43,
            "crap": 2.1,
            "skunk": 2.32,
            "is_complex": false,
            "coverage": 71.0,
            "complexity": 2.0
          }
        },
        {
          "name": "flag_help_text (260, 327)",
          "metrics": {
            "wcc": 82.35,
            "crap": 15.14,
            "skunk": 10.08,
            "is_complex": false,
            "coverage": 82.0,
            "complexity": 14.0
          }
        },
        {
          "name": "<anonymous> (297, 297)",
          "metrics": {
            "wcc": 100.0,
            "crap": 1.0,
            "skunk": 0.0,
            "is_complex": false,
            "coverage": 100.0,
            "complexity": 1.0
          }
        },
        {
          "name": "<anonymous> (270, 293)",
          "metrics": {
            "wcc": 75.0,
            "crap": 10.27,
            "skunk": 9.0,
            "is_complex": false,
            "coverage": 75.0,
            "complexity": 9.0
          }
        },
        {
          "name": "<anonymous> (274, 274)",
          "metrics": {
            "wcc": 100.0,
            "crap": 1.0,
            "skunk": 0.0,
            "is_complex": false,
            "coverage": 100.0,
            "complexity": 1.0
          }
        },
        {
          "name": "normalized_args (247, 258)",
          "metrics": {
            "wcc": 100.0,
            "crap": 5.0,
            "skunk": 0.0,
            "is_complex": false,
            "coverage": 100.0,
            "complexity": 5.0
          }
        },
        {
          "name": "<anonymous> (248, 257)",
          "metrics": {
            "wcc": 100.0,
            "crap": 4.0,
            "skunk": 0.0,
            "is_complex": false,
            "coverage": 100.0,
            "complexity": 4.0
          }
        },
        {
          "name": "<anonymous> (251, 251)",
          "metrics": {
            "wcc": 100.0,
            "crap": 1.0,
            "skunk": 0.0,
            "is_complex": false,
            "coverage": 100.0,
            "complexity": 1.0
          }
        },
        {
          "name": "select_command (234, 242)",
          "metrics": {
            "wcc": 88.89,
            "crap": 8.09,
            "skunk": 3.52,
            "is_complex": false,
            "coverage": 89.0,
            "complexity": 8.0
          }
        },
        {
          "name": "<anonymous> (236, 239)",
          "metrics": {
            "wcc": 100.0,
            "crap": 5.0,
            "skunk": 0.0,
            "is_complex": false,
            "coverage": 100.0,
            "complexity": 5.0
          }
        },
        {
          "name": "<anonymous> (237, 237)",
          "metrics": {
            "wcc": 100.0,
            "crap": 1.0,
            "skunk": 0.0,
            "is_complex": false,
            "coverage": 100.0,
            "complexity": 1.0
          }
        },
        {
          "name": "run (198, 230)",
          "metrics": {
            "wcc": 72.73,
            "crap": 13.38,
            "skunk": 11.88,
            "is_complex": false,
            "coverage": 73.0,
            "complexity": 11.0
          }
        },
        {
          "name": "flag (177, 184)",
          "metrics": {
            "wcc": 87.5,
            "crap": 2.01,
            "skunk": 0.96,
            "is_complex": false,
            "coverage": 88.0,
            "complexity": 2.0
          }
        },
        {
          "name": "action (161, 164)",
          "metrics": {
            "wcc": 100.0,
            "crap": 1.0,
            "skunk": 0.0,
            "is_complex": false,
            "coverage": 100.0,
            "complexity": 1.0
          }
        },
        {
          "name": "command (135, 148)",
          "metrics": {
            "wcc": 92.86,
            "crap": 4.01,
            "skunk": 1.12,
            "is_complex": false,
            "coverage": 93.0,
            "complexity": 4.0
          }
        },
        {
          "name": "<anonymous> (139, 139)",
          "metrics": {
            "wcc": 100.0,
            "crap": 1.0,
            "skunk": 0.0,
            "is_complex": false,
            "coverage": 100.0,
            "complexity": 1.0
          }
        },
        {
          "name": "version (96, 99)",
          "metrics": {
            "wcc": 100.0,
            "crap": 1.0,
            "skunk": 0.0,
            "is_complex": false,
            "coverage": 100.0,
            "complexity": 1.0
          }
        },
        {
          "name": "usage (81, 84)",
          "metrics": {
            "wcc": 100.0,
            "crap": 1.0,
            "skunk": 0.0,
            "is_complex": false,
            "coverage": 100.0,
            "complexity": 1.0
          }
        },
        {
          "name": "description (66, 69)",
          "metrics": {
            "wcc": 100.0,
            "crap": 1.0,
            "skunk": 0.0,
            "is_complex": false,
            "coverage": 100.0,
            "complexity": 1.0
          }
        },
        {
          "name": "author (51, 54)",
          "metrics": {
            "wcc": 100.0,
            "crap": 1.0,
            "skunk": 0.0,
            "is_complex": false,
            "coverage": 100.0,
            "complexity": 1.0
          }
        },
        {
          "name": "new (34, 39)",
          "metrics": {
            "wcc": 100.0,
            "crap": 1.0,
            "skunk": 0.0,
            "is_complex": false,
            "coverage": 100.0,
            "complexity": 1.0
          }
        }
      ]
    },
    {
      "name": "src/command.rs",
      "metrics": {
        "wcc": 85.54,
        "crap": 188.47,
        "skunk": 70.56,
        "is_complex": true,
        "coverage": 51.0,
        "complexity": 36.0
      },
      "functions": [
        {
          "name": "command_test (228, 239)",
          "metrics": {
            "wcc": 100.0,
            "crap": 2.0,
            "skunk": 0.0,
            "is_complex": false,
            "coverage": 100.0,
            "complexity": 2.0
          }
        },
        {
          "name": "<anonymous> (229, 229)",
          "metrics": {
            "wcc": 100.0,
            "crap": 1.0,
            "skunk": 0.0,
            "is_complex": false,
            "coverage": 100.0,
            "complexity": 1.0
          }
        },
        {
          "name": "help_text (206, 220)",
          "metrics": {
            "wcc": 80.0,
            "crap": 3.07,
            "skunk": 2.4,
            "is_complex": false,
            "coverage": 80.0,
            "complexity": 3.0
          }
        },
        {
          "name": "flag_help_text (135, 202)",
          "metrics": {
            "wcc": 82.35,
            "crap": 15.14,
            "skunk": 10.08,
            "is_complex": false,
            "coverage": 82.0,
            "complexity": 14.0
          }
        },
        {
          "name": "<anonymous> (172, 172)",
          "metrics": {
            "wcc": 100.0,
            "crap": 1.0,
            "skunk": 0.0,
            "is_complex": false,
            "coverage": 100.0,
            "complexity": 1.0
          }
        },
        {
          "name": "<anonymous> (145, 168)",
          "metrics": {
            "wcc": 75.0,
            "crap": 10.27,
            "skunk": 9.0,
            "is_complex": false,
            "coverage": 75.0,
            "complexity": 9.0
          }
        },
        {
          "name": "<anonymous> (149, 149)",
          "metrics": {
            "wcc": 100.0,
            "crap": 1.0,
            "skunk": 0.0,
            "is_complex": false,
            "coverage": 100.0,
            "complexity": 1.0
          }
        },
        {
          "name": "run (124, 133)",
          "metrics": {
            "wcc": 90.0,
            "crap": 5.03,
            "skunk": 2.0,
            "is_complex": false,
            "coverage": 90.0,
            "complexity": 5.0
          }
        },
        {
          "name": "alias (113, 120)",
          "metrics": {
            "wcc": 87.5,
            "crap": 2.01,
            "skunk": 0.96,
            "is_complex": false,
            "coverage": 88.0,
            "complexity": 2.0
          }
        },
        {
          "name": "flag (94, 101)",
          "metrics": {
            "wcc": 87.5,
            "crap": 2.01,
            "skunk": 0.96,
            "is_complex": false,
            "coverage": 88.0,
            "complexity": 2.0
          }
        },
        {
          "name": "action (78, 81)",
          "metrics": {
            "wcc": 100.0,
            "crap": 1.0,
            "skunk": 0.0,
            "is_complex": false,
            "coverage": 100.0,
            "complexity": 1.0
          }
        },
        {
          "name": "usage (62, 65)",
          "metrics": {
            "wcc": 100.0,
            "crap": 1.0,
            "skunk": 0.0,
            "is_complex": false,
            "coverage": 100.0,
            "complexity": 1.0
          }
        },
        {
          "name": "description (47, 50)",
          "metrics": {
            "wcc": 100.0,
            "crap": 1.0,
            "skunk": 0.0,
            "is_complex": false,
            "coverage": 100.0,
            "complexity": 1.0
          }
        },
        {
          "name": "new (30, 35)",
          "metrics": {
            "wcc": 100.0,
            "crap": 1.0,
            "skunk": 0.0,
            "is_complex": false,
            "coverage": 100.0,
            "complexity": 1.0
          }
        }
      ]
    },
    {
      "name": "src/context.rs",
      "metrics": {
        "wcc": 82.95,
        "crap": 204.48,
        "skunk": 71.28,
        "is_complex": true,
        "coverage": 46.0,
        "complexity": 33.0
      },
      "functions": [
        {
          "name": "context_test (180, 227)",
          "metrics": {
            "wcc": 89.58,
            "crap": 1.0,
            "skunk": 0.4,
            "is_complex": false,
            "coverage": 90.0,
            "complexity": 1.0
          }
        },
        {
          "name": "help (169, 171)",
          "metrics": {
            "wcc": 100.0,
            "crap": 1.0,
            "skunk": 0.0,
            "is_complex": false,
            "coverage": 100.0,
            "complexity": 1.0
          }
        },
        {
          "name": "float_flag (150, 156)",
          "metrics": {
            "wcc": 85.71,
            "crap": 4.04,
            "skunk": 2.24,
            "is_complex": false,
            "coverage": 86.0,
            "complexity": 4.0
          }
        },
        {
          "name": "int_flag (128, 134)",
          "metrics": {
            "wcc": 85.71,
            "crap": 4.04,
            "skunk": 2.24,
            "is_complex": false,
            "coverage": 86.0,
            "complexity": 4.0
          }
        },
        {
          "name": "string_flag (106, 112)",
          "metrics": {
            "wcc": 85.71,
            "crap": 4.04,
            "skunk": 2.24,
            "is_complex": false,
            "coverage": 86.0,
            "complexity": 4.0
          }
        },
        {
          "name": "bool_flag (84, 90)",
          "metrics": {
            "wcc": 85.71,
            "crap": 3.02,
            "skunk": 1.68,
            "is_complex": false,
            "coverage": 86.0,
            "complexity": 3.0
          }
        },
        {
          "name": "result_flag_value (54, 67)",
          "metrics": {
            "wcc": 85.71,
            "crap": 7.13,
            "skunk": 3.92,
            "is_complex": false,
            "coverage": 86.0,
            "complexity": 7.0
          }
        },
        {
          "name": "<anonymous> (58, 58)",
          "metrics": {
            "wcc": 100.0,
            "crap": 2.0,
            "skunk": 0.0,
            "is_complex": false,
            "coverage": 100.0,
            "complexity": 2.0
          }
        },
        {
          "name": "<anonymous> (58, 58)",
          "metrics": {
            "wcc": 100.0,
            "crap": 1.0,
            "skunk": 0.0,
            "is_complex": false,
            "coverage": 100.0,
            "complexity": 1.0
          }
        },
        {
          "name": "new (18, 51)",
          "metrics": {
            "wcc": 67.65,
            "crap": 8.61,
            "skunk": 8.96,
            "is_complex": false,
            "coverage": 68.0,
            "complexity": 7.0
          }
        }
      ]
    },
    {
      "name": "src/flag.rs",
      "metrics": {
        "wcc": 79.39,
        "crap": 199.25,
        "skunk": 77.08,
        "is_complex": true,
        "coverage": 59.0,
        "complexity": 47.0
      },
      "functions": [
        {
          "name": "float_flag_test (246, 260)",
          "metrics": {
            "wcc": 93.33,
            "crap": 3.0,
            "skunk": 0.84,
            "is_complex": false,
            "coverage": 93.0,
            "complexity": 3.0
          }
        },
        {
          "name": "int_flag_test (229, 243)",
          "metrics": {
            "wcc": 93.33,
            "crap": 3.0,
            "skunk": 0.84,
            "is_complex": false,
            "coverage": 93.0,
            "complexity": 3.0
          }
        },
        {
          "name": "string_flag_test (212, 226)",
          "metrics": {
            "wcc": 93.33,
            "crap": 3.0,
            "skunk": 0.84,
            "is_complex": false,
            "coverage": 93.0,
            "complexity": 3.0
          }
        },
        {
          "name": "bool_flag_test (196, 209)",
          "metrics": {
            "wcc": 92.86,
            "crap": 3.0,
            "skunk": 0.84,
            "is_complex": false,
            "coverage": 93.0,
            "complexity": 3.0
          }
        },
        {
          "name": "construct_fail_3 (191, 193)",
          "metrics": {
            "wcc": 100.0,
            "crap": 1.0,
            "skunk": 0.0,
            "is_complex": false,
            "coverage": 100.0,
            "complexity": 1.0
          }
        },
        {
          "name": "construct_fail_2 (185, 187)",
          "metrics": {
            "wcc": 100.0,
            "crap": 1.0,
            "skunk": 0.0,
            "is_complex": false,
            "coverage": 100.0,
            "complexity": 1.0
          }
        },
        {
          "name": "construct_fail_1 (179, 181)",
          "metrics": {
            "wcc": 100.0,
            "crap": 1.0,
            "skunk": 0.0,
            "is_complex": false,
            "coverage": 100.0,
            "complexity": 1.0
          }
        },
        {
          "name": "opiton_index (155, 175)",
          "metrics": {
            "wcc": 76.19,
            "crap": 1.01,
            "skunk": 0.96,
            "is_complex": false,
            "coverage": 76.0,
            "complexity": 1.0
          }
        },
        {
          "name": "value (125, 147)",
          "metrics": {
            "wcc": 0.0,
            "crap": 18.95,
            "skunk": 15.6,
            "is_complex": true,
            "coverage": 74.0,
            "complexity": 15.0
          }
        },
        {
          "name": "option_index (115, 122)",
          "metrics": {
            "wcc": 87.5,
            "crap": 7.08,
            "skunk": 3.36,
            "is_complex": false,
            "coverage": 88.0,
            "complexity": 7.0
          }
        },
        {
          "name": "<anonymous> (120, 120)",
          "metrics": {
            "wcc": 100.0,
            "crap": 1.0,
            "skunk": 0.0,
            "is_complex": false,
            "coverage": 100.0,
            "complexity": 1.0
          }
        },
        {
          "name": "<anonymous> (117, 119)",
          "metrics": {
            "wcc": 100.0,
            "crap": 3.0,
            "skunk": 0.0,
            "is_complex": false,
            "coverage": 100.0,
            "complexity": 3.0
          }
        },
        {
          "name": "<anonymous> (118, 118)",
          "metrics": {
            "wcc": 100.0,
            "crap": 1.0,
            "skunk": 0.0,
            "is_complex": false,
            "coverage": 100.0,
            "complexity": 1.0
          }
        },
        {
          "name": "alias (105, 112)",
          "metrics": {
            "wcc": 87.5,
            "crap": 2.01,
            "skunk": 0.96,
            "is_complex": false,
            "coverage": 88.0,
            "complexity": 2.0
          }
        },
        {
          "name": "description (86, 89)",
          "metrics": {
            "wcc": 100.0,
            "crap": 1.0,
            "skunk": 0.0,
            "is_complex": false,
            "coverage": 100.0,
            "complexity": 1.0
          }
        },
        {
          "name": "new (47, 74)",
          "metrics": {
            "wcc": 100.0,
            "crap": 4.0,
            "skunk": 0.0,
            "is_complex": false,
            "coverage": 100.0,
            "complexity": 4.0
          }
        }
      ]
    },
    {
      "name": "examples/multiple_app.rs",
      "metrics": {
        "wcc": 62.82,
        "crap": 25.17,
        "skunk": 14.72,
        "is_complex": false,
        "coverage": 84.0,
        "complexity": 23.0
      },
      "functions": [
        {
          "name": "add_command (78, 83)",
          "metrics": {
            "wcc": 100.0,
            "crap": 1.0,
            "skunk": 0.0,
            "is_complex": false,
            "coverage": 100.0,
            "complexity": 1.0
          }
        },
        {
          "name": "add_action (73, 76)",
          "metrics": {
            "wcc": 100.0,
            "crap": 2.0,
            "skunk": 0.0,
            "is_complex": false,
            "coverage": 100.0,
            "complexity": 2.0
          }
        },
        {
          "name": "<anonymous> (74, 74)",
          "metrics": {
            "wcc": 100.0,
            "crap": 1.0,
            "skunk": 0.0,
            "is_complex": false,
            "coverage": 100.0,
            "complexity": 1.0
          }
        },
        {
          "name": "hello_command (53, 71)",
          "metrics": {
            "wcc": 100.0,
            "crap": 1.0,
            "skunk": 0.0,
            "is_complex": false,
            "coverage": 100.0,
            "complexity": 1.0
          }
        },
        {
          "name": "hello_action (23, 51)",
          "metrics": {
            "wcc": 0.0,
            "crap": 18.37,
            "skunk": 13.44,
            "is_complex": true,
            "coverage": 79.0,
            "complexity": 16.0
          }
        },
        {
          "name": "main (4, 21)",
          "metrics": {
            "wcc": 100.0,
            "crap": 2.0,
            "skunk": 0.0,
            "is_complex": false,
            "coverage": 100.0,
            "complexity": 2.0
          }
        },
        {
          "name": "<anonymous> (11, 11)",
          "metrics": {
            "wcc": 100.0,
            "crap": 1.0,
            "skunk": 0.0,
            "is_complex": false,
            "coverage": 100.0,
            "complexity": 1.0
          }
        }
      ]
    },
    {
      "name": "src/lib.rs",
      "metrics": {
        "wcc": 0.0,
        "crap": 1.8,
        "skunk": 3.72,
        "is_complex": true,
        "coverage": 7.0,
        "complexity": 1.0
      },
      "functions": []
    }
  ],
  "project": {
    "total": {
      "wcc": 83.6,
      "crap": 4850.52,
      "skunk": 426.34,
      "coverage": 59.63,
      "complexity": 264.0
    },
    "min": {
      "wcc": 0.0,
      "crap": 1.8,
      "skunk": 2.24,
      "coverage": 7.0,
      "complexity": 1.0
    },
    "max": {
      "wcc": 100.0,
      "crap": 566.56,
      "skunk": 144.0,
      "coverage": 86.0,
      "complexity": 100.0
    },
    "average": {
      "wcc": 76.21,
      "crap": 138.86,
      "skunk": 47.24,
      "coverage": 54.33,
      "complexity": 29.33
    }
  },
  "ignored_files": [
    "src/action.rs"
  ]
}
