---
source: tests/output_test.rs
expression: "serde_json::to_string_pretty(&output).unwrap()"
---
{
  "files": [
    {
      "name": "src/help.rs",
      "metrics": {
        "wcc": 100.0,
        "crap": 0.0,
        "skunk": 0.0,
        "is_complex": false,
        "coverage": 43.0,
        "complexity": 0.0
      }
    },
    {
      "name": "examples/single_app.rs",
      "metrics": {
        "wcc": 100.0,
        "crap": 2.01,
        "skunk": 1.12,
        "is_complex": false,
        "coverage": 86.0,
        "complexity": 2.0
      }
    },
    {
      "name": "examples/multiple_app.rs",
      "metrics": {
        "wcc": 92.31,
        "crap": 8.26,
        "skunk": 5.12,
        "is_complex": false,
        "coverage": 84.0,
        "complexity": 8.0
      }
    },
    {
      "name": "src/flag.rs",
      "metrics": {
        "wcc": 89.7,
        "crap": 63.7,
        "skunk": 39.36,
        "is_complex": true,
        "coverage": 59.0,
        "complexity": 24.0
      }
    },
    {
      "name": "src/error.rs",
      "metrics": {
        "wcc": 88.89,
        "crap": 2.53,
        "skunk": 4.08,
        "is_complex": false,
        "coverage": 49.0,
        "complexity": 2.0
      }
    },
    {
      "name": "src/app.rs",
      "metrics": {
        "wcc": 76.26,
        "crap": 413.2,
        "skunk": 120.96,
        "is_complex": true,
        "coverage": 64.0,
        "complexity": 84.0
      }
    },
    {
      "name": "src/context.rs",
      "metrics": {
        "wcc": 65.12,
        "crap": 123.42,
        "skunk": 54.0,
        "is_complex": true,
        "coverage": 46.0,
        "complexity": 25.0
      }
    },
    {
      "name": "src/command.rs",
      "metrics": {
        "wcc": 51.81,
        "crap": 112.77,
        "skunk": 52.92,
        "is_complex": true,
        "coverage": 51.0,
        "complexity": 27.0
      }
    },
    {
      "name": "src/lib.rs",
      "metrics": {
        "wcc": 0.0,
        "crap": 0.0,
        "skunk": 0.0,
        "is_complex": true,
        "coverage": 7.0,
        "complexity": 0.0
      }
    }
  ],
  "project": {
    "total": {
      "wcc": 75.26,
      "crap": 2118.85,
      "skunk": 277.77,
      "coverage": 59.63,
      "complexity": 172.0
    },
    "min": {
      "wcc": 0.0,
      "crap": 0.0,
      "skunk": 0.0,
      "coverage": 7.0,
      "complexity": 0.0
    },
    "max": {
      "wcc": 100.0,
      "crap": 413.2,
      "skunk": 120.96,
      "coverage": 86.0,
      "complexity": 84.0
    },
    "average": {
      "wcc": 73.79,
      "crap": 80.65,
      "skunk": 30.84,
      "coverage": 54.33,
      "complexity": 19.11
    }
  },
  "ignored_files": [
    "src/action.rs"
  ]
}
