---
source: tests/output_test.rs
expression: "serde_json::to_string_pretty(&output).unwrap()"
---
{
  "files": [
    {
      "name": "src/help.rs",
      "metrics": {
        "wcc": 100.0,
        "crap": 4.67,
        "skunk": 6.84,
        "is_complex": false,
        "coverage": 43.0,
        "complexity": 3.0
      }
    },
    {
      "name": "examples/single_app.rs",
      "metrics": {
        "wcc": 100.0,
        "crap": 4.04,
        "skunk": 2.24,
        "is_complex": false,
        "coverage": 86.0,
        "complexity": 4.0
      }
    },
    {
      "name": "src/error.rs",
      "metrics": {
        "wcc": 88.89,
        "crap": 55.34,
        "skunk": 34.68,
        "is_complex": true,
        "coverage": 49.0,
        "complexity": 17.0
      }
    },
    {
      "name": "src/app.rs",
      "metrics": {
        "wcc": 86.33,
        "crap": 566.56,
        "skunk": 144.0,
        "is_complex": true,
        "coverage": 64.0,
        "complexity": 100.0
      }
    },
    {
      "name": "src/command.rs",
      "metrics": {
        "wcc": 85.54,
        "crap": 188.47,
        "skunk": 70.56,
        "is_complex": true,
        "coverage": 51.0,
        "complexity": 36.0
      }
    },
    {
      "name": "src/context.rs",
      "metrics": {
        "wcc": 82.95,
        "crap": 204.48,
        "skunk": 71.28,
        "is_complex": true,
        "coverage": 46.0,
        "complexity": 33.0
      }
    },
    {
      "name": "src/flag.rs",
      "metrics": {
        "wcc": 79.39,
        "crap": 199.25,
        "skunk": 77.08,
        "is_complex": true,
        "coverage": 59.0,
        "complexity": 47.0
      }
    },
    {
      "name": "examples/multiple_app.rs",
      "metrics": {
        "wcc": 62.82,
        "crap": 25.17,
        "skunk": 14.72,
        "is_complex": false,
        "coverage": 84.0,
        "complexity": 23.0
      }
    },
    {
      "name": "src/lib.rs",
      "metrics": {
        "wcc": 0.0,
        "crap": 1.8,
        "skunk": 3.72,
        "is_complex": true,
        "coverage": 7.0,
        "complexity": 1.0
      }
    }
  ],
  "project": {
    "total": {
      "wcc": 83.6,
      "crap": 4850.52,
      "skunk": 426.34,
      "coverage": 59.63,
      "complexity": 264.0
    },
    "min": {
      "wcc": 0.0,
      "crap": 1.8,
      "skunk": 2.24,
      "coverage": 7.0,
      "complexity": 1.0
    },
    "max": {
      "wcc": 100.0,
      "crap": 566.56,
      "skunk": 144.0,
      "coverage": 86.0,
      "complexity": 100.0
    },
    "average": {
      "wcc": 76.21,
      "crap": 138.86,
      "skunk": 47.24,
      "coverage": 54.33,
      "complexity": 29.33
    }
  },
  "ignored_files": [
    "src/action.rs"
  ]
}
